1	https://defigo.s3.eu-central-1.amazonaws.com/doorbell_sounds/production/1.wav
3	https://defigo.s3.eu-central-1.amazonaws.com/doorbell_sounds/production/3.wav
6	https://defigo.s3.eu-central-1.amazonaws.com/doorbell_sounds/production/6.wav
7	https://defigo.s3.eu-central-1.amazonaws.com/doorbell_sounds/production/7.wav
8	https://defigo.s3.eu-central-1.amazonaws.com/doorbell_sounds/production/8.wav
10	https://defigo.s3.eu-central-1.amazonaws.com/doorbell_sounds/production/10.wav
47	https://defigo.s3.amazonaws.com/doorbell_sounds/dev/4f23133a-945c-4d38-9174-5a3d99a7e0f3-test-sound.wav
49	https://defigo.s3.eu-central-1.amazonaws.com/doorbell_sounds/dev/9b91ea8c-0385-4463-bf2a-92f967b795e3-Sound-19638-%28online-audio-converter.com%29.wav
51	https://defigo.s3.eu-central-1.amazonaws.com/doorbell_sounds/dev/1320f5a7-0083-4ef7-91c0-fd3a7e64ca56-Sound_08184-%28online-audio-converter.com%29.wav
52	https://defigo.s3.eu-central-1.amazonaws.com/doorbell_sounds/dev/e998ef32-334f-43cf-9e79-0e1f2fd756fb-C%CC%A7a%CC%82o%CC%81e%CC%82e%CC%80_Intel-Inside_Mobilaz.Net.wav
55	https://defigo.s3.eu-central-1.amazonaws.com/doorbell_sounds/dev/7637120f-c94b-4406-8128-01d47ad0df68-%5Bpurring%5D_FGB.wav
56	https://defigo.s3.eu-central-1.amazonaws.com/doorbell_sounds/dev/62ddb424-feaf-4127-9be1-15a9222f2d59-sample-3s.wav
58	https://defigo.s3.eu-central-1.amazonaws.com/doorbell_sounds/dev/80ee02ce-9643-4d16-bd83-206e3ed93ab6-sample-15s.wav
59	https://defigo.s3.eu-central-1.amazonaws.com/doorbell_sounds/dev/510a1f94-8587-4ece-abf1-edcaf8a275c4-file_example_WAV_10MG.wav
62	https://defigo.s3.eu-central-1.amazonaws.com/doorbell_sounds/dev/0434ef27-4ee5-46f0-9ffa-88dc78401114-nice-work.wav
63	https://defigo.s3.eu-central-1.amazonaws.com/doorbell_sounds/dev/c4436fee-8f97-4493-b55d-28672a867e3b-shes-a-crazy-psycho-1.wav
65	https://defigo.s3.eu-central-1.amazonaws.com/doorbell_sounds/dev/e4e7e286-0ac6-4dcb-b048-2ebf3f84b31f-creaking-door-1.wav
67	https://defigo.s3.eu-central-1.amazonaws.com/doorbell_sounds/dev/8e77330f-aa23-446f-a348-a5786f146173-door-knock-1.wav
69	https://defigo.s3.eu-central-1.amazonaws.com/doorbell_sounds/dev/5084610f-b3e8-4db7-b282-ab9142d7b30a-%D0%90%D0%BF%D0%BB%D0%BE%D0%B4%D0%B8%D1%81%D0%BC%D0%B5%D0%BD%D1%82%D1%8B.wav
75	https://defigo.s3.eu-central-1.amazonaws.com/doorbell_sounds/dev/6ece6b18-811e-4064-b16c-8668f1ef4b59-%D0%A1%D0%B8%D1%81%D1%82%D0%B5%D0%BC%D0%BD%D1%8B%D0%B8%CC%86-%D0%B7%D0%B2%D1%83%D0%BA-Windows-10_-Background.wav
77	https://defigo.s3.eu-central-1.amazonaws.com/doorbell_sounds/dev/10003d2c-4bfa-439d-aeac-23cae039044d-%D0%90%D0%BF%D0%BB%D0%BE%D0%B4%D0%B8%D1%81%D0%BC%D0%B5%D0%BD%D1%82%D1%8B_123456789987654321123456789_123456789987654321_0987654321.wav
79	https://defigo.s3.eu-central-1.amazonaws.com/doorbell_sounds/dev/7d950213-59c1-4cf1-8e69-dbb680efa8fc-mixkit-dog-barking-twice-1.wav
80	https://defigo.s3.amazonaws.com/doorbell_sounds/dev/8204ac03-1349-47e2-8132-d0cd92d5e01d-mixkit-trumpet-fanfare-2293.wav
82	https://defigo.s3.eu-central-1.amazonaws.com/doorbell_sounds/dev/a26b05cb-b5fe-4fa0-b991-1ab966be1d2b-gitara-melodiya-rok-n-roll-korotkaya.wav
83	https://defigo.s3.eu-central-1.amazonaws.com/doorbell_sounds/dev/a533e343-7ddb-4176-8ef3-a11f303ce2fa-korotkaya-melodiya-na-balalayke.wav
84	https://defigo.s3.eu-central-1.amazonaws.com/doorbell_sounds/dev/5b5d3d61-d24a-4838-bb57-30a3d9b43bc2-korotkie-melodii-na-ispanskoy-gitare-44378.wav
85	https://defigo.s3.eu-central-1.amazonaws.com/doorbell_sounds/dev/0ccd661e-80d8-47f7-86a9-95b398871e54-ptitsyi-schebechut-fonom-vodopad-atmosfera-lesa-29611.wav
86	https://defigo.s3.eu-central-1.amazonaws.com/doorbell_sounds/dev/deef67fc-1764-4eea-ab80-1b506c229677-zvuki-quotsiriquot-golosovoy-pomoschnik-30468.wav
87	https://defigo.s3.eu-central-1.amazonaws.com/doorbell_sounds/dev/6163793b-1faa-4053-b153-c19f3f06c22a-korotkaya-melodiya-na-balalayke.wav
89	https://defigo.s3.eu-central-1.amazonaws.com/doorbell_sounds/dev/dfb26f77-f086-44d1-a88f-35166e9c4018-derevnya-durakov---derevenskaya-muzyka.wav
90	https://defigo.s3.eu-central-1.amazonaws.com/doorbell_sounds/dev/1208a784-2bb4-4df0-a45b-1a26caa93ccf-ebanko-lyubitel-sobak-ya-ebu-sobak-mp3.wav
91	https://defigo.s3.eu-central-1.amazonaws.com/doorbell_sounds/dev/e7f4ddc3-b86c-4cd9-b39c-7828080f2a08-zvuki-quotsiriquot-golosovoy-pomoschnik-30468.wav
93	https://defigo.s3.eu-central-1.amazonaws.com/doorbell_sounds/dev/549d4532-5a7e-4eee-aa10-71556013f2c1-pornhub-intro-zastavka-dlya-video.wav